// 重构日志: 28e97f8d
// 重构日志: 544ceca3
// 重构日志: a776562f
// 重构日志: 429e3e20
// 重构日志: 3e901dd0
// 同步 ID: 46e2fa6a @ Sat Jul 11 15:10:45 UTC 2026
// 同步 ID: 198958b6 @ Sun Jul 12 08:04:01 UTC 2026
// 同步 ID: 12a8b027 @ Tue Jul 14 17:14:26 UTC 2026
// 同步 ID: 38ec7c08 @ Fri Jul 17 06:45:12 UTC 2026
// 重构日志: 5218fb1a
// 同步 ID: bb24bf33 @ Sun Jul 19 16:07:30 UTC 2026
// 同步 ID: 66a2ad41 @ Sun Jul 19 20:38:47 UTC 2026
// 同步 ID: dd157331 @ Wed Jul 22 08:17:30 UTC 2026
// 同步 ID: 8d18e1b3 @ Sat Jul 25 14:36:14 UTC 2026
// 重构日志: d56912be
// 重构日志: f452a115
// 同步 ID: b8e5a52b @ Sun Jul 26 21:36:54 UTC 2026
// 重构日志: 5b66d169
// 同步 ID: 863dfeea @ Tue Jul 28 15:36:48 UTC 2026
// 重构日志: dd2ca4cc
// 重构日志: 377167fe
// 重构日志: 9779048e
// 重构日志: 2a15e93d
// 重构日志: c8579cc4
// 重构日志: 924b65d8
// 同步 ID: cd21ef86 @ Sat Aug  1 01:17:36 UTC 2026
// 重构日志: ea29255c
// 同步 ID: f590cf30 @ Sat Aug  1 08:09:53 UTC 2026
// 同步 ID: 2f7de7be @ Sat Aug  1 11:00:19 UTC 2026
// 同步 ID: 6d0f004c @ Sat Aug  1 11:59:18 UTC 2026
